// Jest Snapshot v1, https://goo.gl/fbAQLP

exports[`Cart Test should match the snapshot 1`] = `"<div class=\\"drawer inactive\\"><div class=\\"cart\\"><div class=\\"cart__header\\"><button><svg xmlns=\\"http://www.w3.org/2000/svg\\" width=\\"24\\" height=\\"24\\" viewBox=\\"0 0 24 24\\" fill=\\"none\\" stroke=\\"currentColor\\" stroke-width=\\"2\\" stroke-linecap=\\"round\\" stroke-linejoin=\\"round\\"><line x1=\\"5\\" y1=\\"12\\" x2=\\"19\\" y2=\\"12\\"></line><polyline points=\\"12 5 19 12 12 19\\"></polyline></svg></button><span>Carrinho (0)</span></div><div class=\\"cart__details\\"></div><div class=\\"cart__footer\\"><div class=\\"footer__content\\"><p class=\\"content__row\\">Total: <span>0.00</span></p><p class=\\"content__row\\">Desconto: <span>0.00</span></p><p class=\\"content__row--total\\">Total com desconto: <span>0.00</span></p></div><button>CONCLUIR COMPRA</button></div></div></div>"`;
